{
  "length": 86,
  "header": {
    "priority": "CSP_PRIO_CRITICAL",
    "source": 0,
    "destination": 11,
    "sourcePort": 18,
    "destinationPort": 2,
    "ffrag": false,
    "fhmac": true,
    "fxtea": false,
    "frdp": false,
    "fcrc32": false
  },
  "hmac": [
    64,
    108
  ],
  "eps": {
    "bootCount": 24594,
    "uptime": 322102,
    "realtimeClock": 1576269856,
    "pingStatus": 126,
    "subsystemStatus": 3801,
    "batteryVoltage": 7720,
    "cellDiff": -8,
    "batteryCurrent": -26,
    "solarPower": 0,
    "temperature": 13,
    "paTemperature": 13,
    "mainVoltage": -92
  },
  "com": {
    "bootCount": 2215,
    "packetsReceived": 0,
    "packetsSend": 2257,
    "latestRssi": 0,
    "latestBitCorrection": 0,
    "latestByteCorrection": 0
  },
  "adcs1": {
    "bdot1": -4162,
    "bdot2": 1919,
    "bdot3": 3680,
    "state": 0
  },
  "ais2": {
    "bootCount": 423,
    "uniqueMssi": 65535
  },
  "rawData": [
    0,
    86,
    0,
    -80,
    -110,
    72,
    39,
    96,
    18,
    0,
    4,
    -22,
    54,
    93,
    -13,
    -8,
    32,
    126,
    14,
    -39,
    -63,
    -2,
    23,
    0,
    13,
    13,
    -92,
    104,
    -89,
    0,
    0,
    8,
    -47,
    0,
    0,
    0,
    0,
    -17,
    -66,
    7,
    127,
    14,
    96,
    0,
    0,
    0,
    0,
    0,
    0,
    0,
    0,
    0,
    0,
    0,
    0,
    0,
    0,
    0,
    0,
    0,
    0,
    0,
    0,
    0,
    0,
    0,
    0,
    0,
    0,
    0,
    1,
    -89,
    0,
    0,
    0,
    0,
    -1,
    -1,
    0,
    0,
    0,
    0,
    0,
    0,
    0,
    0,
    0,
    0,
    0,
    0,
    64,
    108
  ],
  "beginSample": 239167,
  "beginMillis": 1576269902776
}