{
  "frameId": 0,
  "beacon": {
    "destination": "GROUND",
    "size": 26,
    "beaconSource": "OBC",
    "service": "BEACON",
    "messageType": "REPLY",
    "messageOutcome": "OK",
    "tlmSource": "OBC",
    "obcTelemetry": {
      "internalState": 2,
      "softwareImage": 0,
      "bootCounter": 209,
      "resetCause": {
        "softResetWDTTimerexpiration": false,
        "cpuLockUp": false,
        "porPowerSettle": false,
        "porClockSettle": false,
        "voltageAnomaly": false,
        "hardResetWDTWrongPassword": false,
        "hardResetWDTTimerexpiration": false,
        "systemResetOutput": false,
        "sysCTLReboot": false,
        "nmiPin": true,
        "exitLPM45": false,
        "exitLPM35": false,
        "badBandGapReference": true,
        "supplySupervisorVccTrip": true,
        "vccDetectorTrip": true,
        "softResetWDTWrongPassword": false,
        "dcoShortCircuitFault": false
      },
      "uptime": 140096,
      "totalUptime": 1349699,
      "tlmVersion": 2,
      "telemetryV2": {
        "mcuTemperature": 5.8,
        "inaStatus": "ACTIVE",
        "tmpStatus": "ACTIVE",
        "busVoltage": 3.201,
        "busCurrent": 0.01
      }
    }
  },
  "header": {
    "destinationAddress": {
      "callsign": "GROUND",
      "ssid": 0,
      "extensionBit": 0
    },
    "sourceAddress": {
      "callsign": "DLFIPQ",
      "ssid": 0,
      "extensionBit": 1
    },
    "frameType": "U",
    "sendSequenceNumber": 0,
    "receiveSequenceNumber": 0,
    "uControlType": "UI",
    "pid": 240
  },
  "rawData": [
    -114,
    -92,
    -98,
    -86,
    -100,
    -120,
    -32,
    -120,
    -104,
    -116,
    -110,
    -96,
    -94,
    97,
    3,
    -16,
    0,
    8,
    26,
    1,
    80,
    2,
    0,
    1,
    32,
    -47,
    0,
    78,
    0,
    0,
    2,
    35,
    64,
    0,
    20,
    -104,
    67,
    2,
    0,
    58,
    -64,
    12,
    -127,
    0,
    10
  ],
  "beginSample": 116120,
  "beginMillis": 1643479257160,
  "endSample": 0,
  "rxMeta": {
    "rssi": 0.0,
    "snr": 8.905845,
    "frequencyError": 0
  }
}