\set_pos 352.91692294756064 64.98025517525099
\set_pos 349.69881272805304 58.18332105196653
\set_pos 347.6137812645207 51.250694544049225
\set_pos 346.1633530169924 44.21286500405056
\set_pos 345.10232199719513 37.08555430799149
\set_pos 344.29620634607767 29.87814935460905
\set_pos 343.66475425736485 22.596968294139533
\set_pos 343.15656291222 15.246690670925322
\set_pos 342.7364638181337 7.831040504760989
\set_pos 342.37865424271996 0.3531322367814761