{
	"id": "1576269809672",
	"start": 1576269901780,
	"end": 1576269903780,
	"satellite": "28654",
	"transmitterId": "28654-1",
	"tle": {
		"line1": "NOAA 18",
		"line2": "1 28654U 05018A   24020.45178200  .00000347  00000+0  20938-3 0  9992",
		"line3": "2 28654  98.8897  98.5894 0015123 123.5725 236.6893 14.13104636962256",
		"updated": 0
	},
	"groundStation": {
		"lat": 56.31,
		"lon": 38.13
	},
	"dataFormat": "COMPLEX_UNSIGNED_BYTE",
	"sampleRate": 288000,
	"actualFrequency": -1,
	"numberOfDecodedPackets": 0,
	"totalSize": 0,
	"rawURL": "/api/v1/admin/static/satellites/28654/data/1576269809672/output.raw",
	"sigmfDataURL": "/api/v1/static/observation/sigmf/data?satelliteId=28654&id=1576269809672",
	"sigmfMetaURL": "/api/v1/static/observation/sigmf/meta?satelliteId=28654&id=1576269809672",
	"status": "DECODED",
	"instruments": [
		{
			"id": "AVHRR3",
			"enabled": true,
			"primary": true,
			"series": false,
			"name": "AVHRR/3",
			"satdumpName": "AVHRR",
			"satdumpCombined": "avhrr_3_rgb_NOAA_Natural_Color.png",
			"description": "The Advanced Very High Resolution Radiometer",
			"combinedImageURL": "/api/v1/admin/static/satellites/28654/data/1576269809672/AVHRR3.png",
			"channels": [
				{
					"id": "1",
					"description": "0.58 - 0.68μm",
					"imageURL": "/api/v1/admin/static/satellites/28654/data/1576269809672/AVHRR3-1.png",
					"satdumpName": "AVHRR-1.png"
				},
				{
					"id": "2",
					"description": "0.725-1.00μm",
					"imageURL": "/api/v1/admin/static/satellites/28654/data/1576269809672/AVHRR3-2.png",
					"satdumpName": "AVHRR-2.png"
				},
				{
					"id": "3a",
					"description": "1.58 - 1.64μm",
					"imageURL": "/api/v1/admin/static/satellites/28654/data/1576269809672/AVHRR3-3a.png",
					"satdumpName": "AVHRR-3a.png"
				},
				{
					"id": "3b",
					"description": "3.55 - 3.93μm",
					"imageURL": "/api/v1/admin/static/satellites/28654/data/1576269809672/AVHRR3-3b.png",
					"satdumpName": "AVHRR-3b.png"
				},
				{
					"id": "4",
					"description": "10.3 - 11.3μm",
					"imageURL": "/api/v1/admin/static/satellites/28654/data/1576269809672/AVHRR3-4.png",
					"satdumpName": "AVHRR-4.png"
				},
				{
					"id": "5",
					"description": "11.5 - 12.5μm",
					"imageURL": "/api/v1/admin/static/satellites/28654/data/1576269809672/AVHRR3-5.png",
					"satdumpName": "AVHRR-5.png"
				}
			]
		},
		{
			"id": "AMSUA",
			"enabled": true,
			"primary": false,
			"series": false,
			"name": "AMSU-A",
			"satdumpName": "AMSU",
			"satdumpCombined": "amsu_a_rgb_AMSU_False_Color.png",
			"description": "The advanced microwave sounding unit.",
			"channels": [
				{
					"id": "1",
					"description": "23.8GHz",
					"imageURL": "/api/v1/admin/static/satellites/28654/data/1576269809672/AMSUA-1.png",
					"satdumpName": "AMSU-A-1.png"
				},
				{
					"id": "2",
					"description": "31.4GHz",
					"imageURL": "/api/v1/admin/static/satellites/28654/data/1576269809672/AMSUA-2.png",
					"satdumpName": "AMSU-A-2.png"
				}
			]
		},
		{
			"id": "SEM2",
			"enabled": true,
			"primary": false,
			"series": false,
			"name": "SEM-2",
			"satdumpName": "SEM",
			"satdumpCombined": "amsu_b_rgb_AMSU_False_Color.png",
			"description": "Space Environment Monitor. Protons, electrons, and ions with energies from 30keV to several tens of MeV.",
			"combinedImageURL": "/api/v1/admin/static/satellites/28654/data/1576269809672/SEM2.png"
		}
	]
}
