{
	"id": "1576269809672",
	"start": 1576269901780,
	"end": 1576269903780,
	"satellite": "57166",
	"transmitterId": "57166-0",
	"tle": {
		"line1": "METEOR-M2 3",
		"line2": "1 57166U 23091A   25115.17129014  .00000048  00000+0  40073-4 0  9998",
		"line3": "2 57166  98.6652 172.3159 0003014 316.9775  43.1167 14.23994196 95023",
		"updated": 0
	},
	"groundStation": {
		"lat": 56.31,
		"lon": 38.13
	},
	"dataFormat": "COMPLEX_UNSIGNED_BYTE",
	"sampleRate": 288000,
	"actualFrequency": -1,
	"numberOfDecodedPackets": 0,
	"totalSize": 0,
	"rawURL": "/api/v1/admin/static/satellites/57166/data/1576269809672/output.raw",
	"sigmfDataURL": "/api/v1/static/observation/sigmf/data?satelliteId=57166&id=1576269809672",
	"sigmfMetaURL": "/api/v1/static/observation/sigmf/meta?satelliteId=57166&id=1576269809672",
	"status": "DECODED"
}
