2020-10-01 10:55:40.810,  2020-10-01 11:04:36.304,		43758,437540000, MINXSS-2
2020-10-01 11:08:01.222,  2020-10-01 11:17:03.796,		40379,437540000, GRIFEX
2020-10-01 11:23:26.923,  2020-10-01 11:29:34.559,		43595,435840000, SIRIUSSAT-1
2020-10-01 11:32:28.913,  2020-10-01 11:38:34.491,		43596,435840000, SIRIUSSAT-2
2020-10-01 11:38:34.491,  2020-10-01 11:42:37.642,		43616,437540000, ELFIN-B
2020-10-01 11:56:58.714,  2020-10-01 12:06:00.316,		40378,437540000, FIREBIRD 4
2020-10-01 12:07:53.563,  2020-10-01 12:17:05.357,		40042,437540000, POLYITAN-1
2020-10-01 12:21:13.527,  2020-10-01 12:29:53.078,		40377,437540000, FIREBIRD 3
2020-10-01 12:58:07.915,  2020-10-01 13:04:14.688,		43595,435840000, SIRIUSSAT-1