2020-09-30 23:08:55.451,  2020-09-30 23:16:40.228,		43908,436211000, LUME 1
2020-09-30 23:16:40.228,  2020-09-30 23:20:37.826,		43814,436211000, PW-SAT2
2020-10-01 01:00:36.497,  2020-10-01 01:08:00.543,		43616,438412000, ELFIN-B
2020-10-01 09:50:24.117,  2020-10-01 09:58:11.960,		43908,436211000, LUME 1
2020-10-01 11:35:46.550,  2020-10-01 11:42:38.434,		43616,438412000, ELFIN-B
2020-10-01 12:12:15.020,  2020-10-01 12:20:08.475,		43814,436211000, PW-SAT2
2020-10-01 22:46:21.519,  2020-10-01 22:53:43.350,		43908,436211000, LUME 1
2020-10-01 22:56:40.765,  2020-10-01 23:04:39.271,		43814,436211000, PW-SAT2
2020-10-02 00:20:19.636,  2020-10-02 00:26:31.064,		43908,436211000, LUME 1
2020-10-02 00:26:31.064,  2020-10-02 00:30:43.532,		43616,438412000, ELFIN-B
2020-10-02 09:28:02.405,  2020-10-02 09:35:20.093,		43908,436211000, LUME 1
2020-10-02 11:02:04.497,  2020-10-02 11:08:37.358,		43908,436211000, LUME 1
2020-10-02 11:55:59.010,  2020-10-02 12:04:04.724,		43814,436211000, PW-SAT2
2020-10-02 12:31:13.903,  2020-10-02 12:38:32.545,		43616,438412000, ELFIN-B
