2022-09-30 22:17:01.000,  2022-09-30 22:22:49.682,		44830,437540000, ATL-1
2022-09-30 22:24:13.256,  2022-09-30 22:29:36.606,		40379,437540000, GRIFEX
2022-09-30 22:29:36.606,  2022-09-30 22:37:22.441,		43793,437540000, CSIM-FD
2022-09-30 22:37:22.441,  2022-09-30 22:41:55.383,		43758,437540000, MINXSS-2
2022-09-30 22:57:03.215,  2022-09-30 23:04:57.705,		43855,437540000, CHOMPTT
2022-09-30 23:55:23.141,  2022-10-01 00:10:23.141,		R2CLOUD3,435840000, ASTRO-BIO
2022-10-01 00:10:23.141,  2022-10-01 00:25:23.141,		R2CLOUD3,435840000, ASTRO-BIO
2022-10-01 00:25:23.141,  2022-10-01 00:40:23.141,		R2CLOUD3,435840000, ASTRO-BIO
2022-10-01 00:40:23.141,  2022-10-01 00:55:23.141,		R2CLOUD3,435840000, ASTRO-BIO
2022-10-01 00:55:23.141,  2022-10-01 00:56:17.944,		R2CLOUD3,435840000, ASTRO-BIO
2022-10-01 00:59:37.350,  2022-10-01 01:07:24.717,		40042,437540000, POLYITAN-1
2022-10-01 02:04:48.046,  2022-10-01 02:13:17.385,		39440,437540000, CUBEBUG-2 (LO-74)
2022-10-01 02:13:17.385,  2022-10-01 02:17:21.118,		44830,437540000, ATL-1
2022-10-01 02:35:02.330,  2022-10-01 02:43:41.580,		40042,437540000, POLYITAN-1
2022-10-01 03:16:44.513,  2022-10-01 03:24:34.075,		44406,437540000, LUCKY-7
2022-10-01 03:41:33.594,  2022-10-01 03:47:24.053,		39440,437540000, CUBEBUG-2 (LO-74)
2022-10-01 03:47:24.053,  2022-10-01 04:02:24.053,		R2CLOUD3,435840000, ASTRO-BIO
2022-10-01 04:02:24.053,  2022-10-01 04:17:24.053,		R2CLOUD3,435840000, ASTRO-BIO
2022-10-01 04:17:24.053,  2022-10-01 04:32:24.053,		R2CLOUD3,435840000, ASTRO-BIO
2022-10-01 04:32:24.053,  2022-10-01 04:47:24.053,		R2CLOUD3,435840000, ASTRO-BIO
2022-10-01 04:47:24.053,  2022-10-01 04:55:36.868,		R2CLOUD3,435840000, ASTRO-BIO
2022-10-01 04:59:27.220,  2022-10-01 05:06:41.996,		40014,437540000, BUGSAT-1 (TITA)
2022-10-01 05:20:24.311,  2022-10-01 05:28:48.324,		41460,437540000, AAUSAT 4
2022-10-01 06:04:13.640,  2022-10-01 06:13:31.390,		40043,435840000, TIGRISAT
2022-10-01 06:34:19.740,  2022-10-01 06:42:54.667,		40014,437540000, BUGSAT-1 (TITA)
2022-10-01 07:35:24.106,  2022-10-01 07:42:13.774,		43937,437540000, NEXUS (FO-99)
2022-10-01 07:57:36.966,  2022-10-01 08:12:36.966,		R2CLOUD3,435840000, ASTRO-BIO
2022-10-01 08:12:36.966,  2022-10-01 08:27:36.966,		R2CLOUD3,435840000, ASTRO-BIO
2022-10-01 08:27:36.966,  2022-10-01 08:42:36.966,		R2CLOUD3,435840000, ASTRO-BIO
2022-10-01 08:42:36.966,  2022-10-01 08:57:36.966,		R2CLOUD3,435840000, ASTRO-BIO
2022-10-01 08:57:36.966,  2022-10-01 09:05:41.456,		R2CLOUD3,435840000, ASTRO-BIO
2022-10-01 09:10:31.012,  2022-10-01 09:18:08.855,		43908,437540000, LUME 1
2022-10-01 09:18:08.855,  2022-10-01 09:22:57.532,		40377,437540000, FIREBIRD 3
2022-10-01 09:29:18.463,  2022-10-01 09:36:23.746,		43881,435840000, D-STAR ONE (SPARROW)
2022-10-01 09:41:04.925,  2022-10-01 09:47:31.537,		40378,437540000, FIREBIRD 4
2022-10-01 10:03:45.112,  2022-10-01 10:08:36.561,		43793,437540000, CSIM-FD
2022-10-01 10:08:36.561,  2022-10-01 10:17:04.005,		43758,437540000, MINXSS-2
2022-10-01 10:18:50.146,  2022-10-01 10:26:00.341,		43855,437540000, CHOMPTT
2022-10-01 10:29:58.589,  2022-10-01 10:37:44.300,		44103,437540000, AISTECHSAT-3
2022-10-01 10:53:51.370,  2022-10-01 11:02:40.357,		43880,435840000, UWE-4
2022-10-01 11:03:25.685,  2022-10-01 11:12:06.086,		43881,435840000, D-STAR ONE (SPARROW)
2022-10-01 11:24:39.426,  2022-10-01 11:32:20.111,		43743,437540000, REAKTOR HELLO WORLD
2022-10-01 11:38:59.224,  2022-10-01 11:47:04.804,		43793,437540000, CSIM-FD
2022-10-01 11:47:04.804,  2022-10-01 11:51:56.131,		43758,437540000, MINXSS-2
2022-10-01 11:58:53.422,  2022-10-01 12:13:53.422,		R2CLOUD3,435840000, ASTRO-BIO
2022-10-01 12:13:53.422,  2022-10-01 12:28:53.422,		R2CLOUD3,435840000, ASTRO-BIO
2022-10-01 12:28:53.422,  2022-10-01 12:43:53.422,		R2CLOUD3,435840000, ASTRO-BIO
2022-10-01 12:43:53.422,  2022-10-01 12:58:53.422,		R2CLOUD3,435840000, ASTRO-BIO
2022-10-01 12:58:53.422,  2022-10-01 13:02:54.917,		R2CLOUD3,435840000, ASTRO-BIO
2022-10-01 13:06:50.168,  2022-10-01 13:16:22.949,		39440,437540000, CUBEBUG-2 (LO-74)
2022-10-01 13:34:03.302,  2022-10-01 13:39:54.508,		45598,437540000, QUETZAL-1
2022-10-01 14:03:02.531,  2022-10-01 14:11:02.108,		44406,437540000, LUCKY-7
2022-10-01 15:53:46.369,  2022-10-01 16:01:34.919,		40014,437540000, BUGSAT-1 (TITA)
2022-10-01 16:47:30.058,  2022-10-01 16:54:45.706,		41460,437540000, AAUSAT 4
2022-10-01 17:28:59.697,  2022-10-01 17:34:46.625,		40014,437540000, BUGSAT-1 (TITA)
2022-10-01 17:34:46.625,  2022-10-01 17:42:24.475,		44878,437540000, OPS-SAT
2022-10-01 17:49:43.766,  2022-10-01 17:58:25.550,		40043,435840000, TIGRISAT
2022-10-01 18:16:22.890,  2022-10-01 18:23:07.951,		43937,437540000, NEXUS (FO-99)
2022-10-01 18:23:07.951,  2022-10-01 18:29:44.382,		41460,437540000, AAUSAT 4
2022-10-01 18:29:44.382,  2022-10-01 18:42:24.547,		44830,437540000, ATL-1
2022-10-01 18:42:24.547,  2022-10-01 18:50:26.720,		43666,437540000, CUBEBEL-1 (BSUSAT-1)
2022-10-01 19:08:54.111,  2022-10-01 19:16:10.219,		44878,437540000, OPS-SAT
2022-10-01 19:26:29.015,  2022-10-01 19:34:57.343,		40043,435840000, TIGRISAT
2022-10-01 19:49:30.186,  2022-10-01 19:56:44.213,		43937,437540000, NEXUS (FO-99)
2022-10-01 20:55:36.920,  2022-10-01 21:02:29.775,		43617,437540000, ELFIN-A
2022-10-01 21:02:29.775,  2022-10-01 21:10:36.949,		43758,437540000, MINXSS-2
2022-10-01 21:11:34.655,  2022-10-01 21:19:28.539,		44103,437540000, AISTECHSAT-3
2022-10-01 21:25:07.429,  2022-10-01 21:34:10.488,		43792,437540000, ESEO
2022-10-01 22:04:01.044,  2022-10-01 22:11:28.345,		43743,437540000, REAKTOR HELLO WORLD
2022-10-01 22:12:07.194,  2022-10-01 22:19:52.880,		40377,437540000, FIREBIRD 3
2022-10-01 22:33:50.683,  2022-10-01 22:48:50.683,		R2CLOUD3,435840000, ASTRO-BIO
2022-10-01 22:48:50.683,  2022-10-01 23:03:50.683,		R2CLOUD3,435840000, ASTRO-BIO
2022-10-01 23:03:50.683,  2022-10-01 23:18:50.683,		R2CLOUD3,435840000, ASTRO-BIO
2022-10-01 23:18:50.683,  2022-10-01 23:25:22.582,		R2CLOUD3,435840000, ASTRO-BIO
2022-10-02 00:04:03.295,  2022-10-02 00:13:00.793,		43880,435840000, UWE-4
2022-10-02 00:13:04.977,  2022-10-02 00:21:56.326,		43881,435840000, D-STAR ONE (SPARROW)
2022-10-02 01:10:15.197,  2022-10-02 01:18:32.161,		40042,437540000, POLYITAN-1
2022-10-02 02:03:29.909,  2022-10-02 02:08:14.147,		44830,437540000, ATL-1
2022-10-02 02:14:49.433,  2022-10-02 02:29:49.433,		R2CLOUD3,435840000, ASTRO-BIO
2022-10-02 02:29:49.433,  2022-10-02 02:44:49.433,		R2CLOUD3,435840000, ASTRO-BIO
2022-10-02 02:44:49.433,  2022-10-02 02:59:49.433,		R2CLOUD3,435840000, ASTRO-BIO
2022-10-02 02:59:49.433,  2022-10-02 03:14:49.433,		R2CLOUD3,435840000, ASTRO-BIO
2022-10-02 03:14:49.433,  2022-10-02 03:22:26.995,		R2CLOUD3,435840000, ASTRO-BIO
2022-10-02 03:32:38.546,  2022-10-02 03:40:44.250,		41460,437540000, AAUSAT 4
2022-10-02 04:08:28.804,  2022-10-02 04:17:04.284,		40012,437540000, UNISAT-6
2022-10-02 04:19:42.430,  2022-10-02 04:27:10.494,		44878,437540000, OPS-SAT
2022-10-02 04:39:08.060,  2022-10-02 04:46:11.481,		44406,437540000, LUCKY-7
2022-10-02 04:52:33.357,  2022-10-02 05:02:18.781,		40043,435840000, TIGRISAT
2022-10-02 05:06:07.260,  2022-10-02 05:15:01.068,		41460,437540000, AAUSAT 4
2022-10-02 05:44:25.317,  2022-10-02 05:54:05.524,		40012,437540000, UNISAT-6
2022-10-02 05:54:05.524,  2022-10-02 06:01:03.102,		44878,437540000, OPS-SAT
2022-10-02 06:21:31.949,  2022-10-02 06:36:31.949,		R2CLOUD3,435840000, ASTRO-BIO
2022-10-02 06:36:31.949,  2022-10-02 06:51:31.949,		R2CLOUD3,435840000, ASTRO-BIO
2022-10-02 06:51:31.949,  2022-10-02 07:06:31.949,		R2CLOUD3,435840000, ASTRO-BIO
2022-10-02 07:06:31.949,  2022-10-02 07:21:31.949,		R2CLOUD3,435840000, ASTRO-BIO
2022-10-02 07:21:31.949,  2022-10-02 07:29:17.299,		R2CLOUD3,435840000, ASTRO-BIO
2022-10-02 07:40:47.503,  2022-10-02 07:48:43.883,		43666,437540000, CUBEBEL-1 (BSUSAT-1)
2022-10-02 08:00:19.320,  2022-10-02 08:06:47.513,		43616,437540000, ELFIN-B
2022-10-02 08:44:02.995,  2022-10-02 08:51:31.917,		43937,437540000, NEXUS (FO-99)
2022-10-02 08:51:35.438,  2022-10-02 08:58:04.605,		40379,437540000, GRIFEX
2022-10-02 08:58:04.605,  2022-10-02 09:03:02.967,		43617,437540000, ELFIN-A
2022-10-02 09:04:33.502,  2022-10-02 09:09:52.867,		45598,437540000, QUETZAL-1
2022-10-02 09:15:05.992,  2022-10-02 09:19:27.585,		43666,437540000, CUBEBEL-1 (BSUSAT-1)
2022-10-02 09:19:27.585,  2022-10-02 09:26:25.193,		40378,437540000, FIREBIRD 4
2022-10-02 09:26:25.193,  2022-10-02 09:30:26.518,		43880,435840000, UWE-4
2022-10-02 09:31:56.005,  2022-10-02 09:39:10.266,		43881,435840000, D-STAR ONE (SPARROW)
2022-10-02 09:55:57.076,  2022-10-02 10:03:38.984,		43855,437540000, CHOMPTT
2022-10-02 10:07:39.615,  2022-10-02 10:12:06.845,		44103,437540000, AISTECHSAT-3
2022-10-02 10:12:06.845,  2022-10-02 10:20:40.251,		43758,437540000, MINXSS-2
2022-10-02 10:20:40.251,  2022-10-02 10:26:15.013,		43908,437540000, LUME 1
2022-10-02 10:27:21.472,  2022-10-02 10:42:21.472,		R2CLOUD3,435840000, ASTRO-BIO
2022-10-02 10:42:21.472,  2022-10-02 10:57:21.472,		R2CLOUD3,435840000, ASTRO-BIO
2022-10-02 10:57:21.472,  2022-10-02 11:12:21.472,		R2CLOUD3,435840000, ASTRO-BIO
2022-10-02 11:12:21.472,  2022-10-02 11:27:21.472,		R2CLOUD3,435840000, ASTRO-BIO
2022-10-02 11:27:21.472,  2022-10-02 11:34:37.653,		R2CLOUD3,435840000, ASTRO-BIO
2022-10-02 11:41:54.976,  2022-10-02 11:49:53.868,		43793,437540000, CSIM-FD
2022-10-02 11:49:53.868,  2022-10-02 11:55:22.061,		43758,437540000, MINXSS-2
2022-10-02 12:06:53.268,  2022-10-02 12:12:59.783,		40042,437540000, POLYITAN-1
2022-10-02 12:12:59.783,  2022-10-02 12:19:00.727,		45598,437540000, QUETZAL-1
2022-10-02 12:30:35.367,  2022-10-02 12:37:09.295,		43743,437540000, REAKTOR HELLO WORLD
2022-10-02 13:30:12.034,  2022-10-02 13:39:53.318,		39440,437540000, CUBEBUG-2 (LO-74)
2022-10-02 13:43:21.755,  2022-10-02 13:50:53.685,		40042,437540000, POLYITAN-1
2022-10-02 13:51:09.619,  2022-10-02 13:58:49.550,		44406,437540000, LUCKY-7
2022-10-02 14:24:12.247,  2022-10-02 14:39:12.247,		R2CLOUD3,435840000, ASTRO-BIO
2022-10-02 14:39:12.247,  2022-10-02 14:54:12.247,		R2CLOUD3,435840000, ASTRO-BIO
2022-10-02 14:54:12.247,  2022-10-02 15:09:12.247,		R2CLOUD3,435840000, ASTRO-BIO
2022-10-02 15:09:12.247,  2022-10-02 15:12:50.240,		R2CLOUD3,435840000, ASTRO-BIO
2022-10-02 15:25:46.761,  2022-10-02 15:31:05.854,		44406,437540000, LUCKY-7
2022-10-02 15:31:05.854,  2022-10-02 15:35:31.615,		44830,437540000, ATL-1
2022-10-02 15:58:58.463,  2022-10-02 16:06:58.063,		40014,437540000, BUGSAT-1 (TITA)
2022-10-02 17:19:22.961,  2022-10-02 17:26:17.449,		44878,437540000, OPS-SAT
2022-10-02 17:30:26.276,  2022-10-02 17:38:34.899,		40012,437540000, UNISAT-6
2022-10-02 18:07:02.325,  2022-10-02 18:14:53.258,		41460,437540000, AAUSAT 4
2022-10-02 18:14:53.258,  2022-10-02 18:24:09.673,		40043,435840000, TIGRISAT
2022-10-02 18:24:29.526,  2022-10-02 18:32:14.004,		43666,437540000, CUBEBEL-1 (BSUSAT-1)
2022-10-02 18:53:04.391,  2022-10-02 19:00:53.125,		44878,437540000, OPS-SAT
2022-10-02 19:06:53.232,  2022-10-02 19:15:47.669,		40012,437540000, UNISAT-6
2022-10-02 19:24:33.983,  2022-10-02 19:32:21.809,		43937,437540000, NEXUS (FO-99)
2022-10-02 19:52:12.264,  2022-10-02 19:59:28.028,		40043,435840000, TIGRISAT
2022-10-02 20:42:03.612,  2022-10-02 20:49:00.869,		43616,437540000, ELFIN-B
2022-10-02 20:49:18.288,  2022-10-02 20:57:10.878,		44103,437540000, AISTECHSAT-3
2022-10-02 20:59:38.786,  2022-10-02 21:05:24.178,		43793,437540000, CSIM-FD
2022-10-02 21:05:24.178,  2022-10-02 21:14:10.558,		43758,437540000, MINXSS-2
2022-10-02 21:29:43.940,  2022-10-02 21:38:47.338,		43792,437540000, ESEO
2022-10-02 21:40:42.671,  2022-10-02 21:47:09.372,		43908,437540000, LUME 1
2022-10-02 21:51:07.850,  2022-10-02 21:58:20.300,		40377,437540000, FIREBIRD 3
2022-10-02 22:11:26.264,  2022-10-02 22:19:39.517,		43855,437540000, CHOMPTT