2020-09-30 22:59:22.899,  2020-09-30 23:06:47.034,		40378,437540000, FIREBIRD 4
2020-09-30 23:08:55.451,  2020-09-30 23:13:07.215,		43908,437540000, LUME 1
2020-09-30 23:13:07.215,  2020-09-30 23:20:37.826,		43814,435840000, PW-SAT2
2020-09-30 23:31:51.305,  2020-09-30 23:39:18.689,		41460,437540000, AAUSAT 4
2020-09-30 23:43:34.862,  2020-09-30 23:52:31.579,		43881,435840000, D-STAR ONE (SPARROW)
2020-09-30 23:55:15.813,  2020-10-01 00:01:36.205,		43617,437540000, ELFIN-A
2020-10-01 00:13:01.812,  2020-10-01 00:21:56.429,		43880,435840000, UWE-4
2020-10-01 01:00:36.497,  2020-10-01 01:08:00.543,		43616,437540000, ELFIN-B
2020-10-01 01:10:57.823,  2020-10-01 01:20:17.774,		40042,437540000, POLYITAN-1
2020-10-01 01:28:09.465,  2020-10-01 01:34:52.212,		43617,437540000, ELFIN-A
2020-10-01 03:07:50.694,  2020-10-01 03:16:17.128,		40014,437540000, BUGSAT-1 (TITA)
2020-10-01 03:50:35.821,  2020-10-01 03:58:40.556,		44406,437540000, LUCKY-7
2020-10-01 04:41:22.640,  2020-10-01 04:51:27.665,		39440,437540000, CUBEBUG-2 (LO-74)
2020-10-01 05:05:43.713,  2020-10-01 05:13:57.332,		44878,437540000, OPS-SAT
2020-10-01 06:56:23.834,  2020-10-01 07:04:18.382,		43855,437540000, CHOMPTT
2020-10-01 07:08:54.723,  2020-10-01 07:18:13.756,		40043,435840000, TIGRISAT
2020-10-01 08:07:42.495,  2020-10-01 08:12:31.223,		44830,437540000, ATL-1
2020-10-01 08:16:31.974,  2020-10-01 08:24:36.318,		43666,437540000, CUBEBEL-1 (BSUSAT-1)
2020-10-01 09:16:37.421,  2020-10-01 09:24:33.968,		43937,437540000, NEXUS (FO-99)
2020-10-01 09:32:27.141,  2020-10-01 09:36:13.987,		43880,435840000, UWE-4
2020-10-01 09:36:13.987,  2020-10-01 09:43:41.244,		44103,437540000, AISTECHSAT-3
2020-10-01 09:49:15.412,  2020-10-01 09:54:49.419,		43595,435840000, SIRIUSSAT-1
2020-10-01 09:58:12.367,  2020-10-01 10:03:49.991,		43596,435840000, SIRIUSSAT-2
2020-10-01 10:29:48.225,  2020-10-01 10:38:33.625,		43792,437540000, ESEO
2020-10-01 10:38:33.625,  2020-10-01 10:42:43.927,		43743,437540000, REAKTOR HELLO WORLD
2020-10-01 10:44:21.040,  2020-10-01 10:53:15.015,		43793,437540000, CSIM-FD
2020-10-01 10:55:40.810,  2020-10-01 11:04:36.543,		43758,437540000, MINXSS-2
2020-10-01 11:08:01.222,  2020-10-01 11:17:04.048,		40379,437540000, GRIFEX
2020-10-01 11:23:26.923,  2020-10-01 11:29:34.564,		43595,435840000, SIRIUSSAT-1
2020-10-01 11:32:28.913,  2020-10-01 11:38:34.495,		43596,435840000, SIRIUSSAT-2
2020-10-01 11:38:34.495,  2020-10-01 11:42:38.434,		43616,437540000, ELFIN-B
2020-10-01 11:56:58.714,  2020-10-01 12:06:00.574,		40378,437540000, FIREBIRD 4
2020-10-01 12:07:53.563,  2020-10-01 12:17:05.670,		40042,437540000, POLYITAN-1
2020-10-01 12:21:13.527,  2020-10-01 12:29:52.820,		40377,437540000, FIREBIRD 3
2020-10-01 12:58:07.915,  2020-10-01 13:04:14.693,		43595,435840000, SIRIUSSAT-1
2020-10-01 13:07:10.592,  2020-10-01 13:13:14.846,		43596,435840000, SIRIUSSAT-2
2020-10-01 14:01:54.042,  2020-10-01 14:09:47.231,		40014,437540000, BUGSAT-1 (TITA)
2020-10-01 14:09:47.231,  2020-10-01 14:17:56.780,		41460,437540000, AAUSAT 4
2020-10-01 14:32:55.843,  2020-10-01 14:37:28.947,		43595,435840000, SIRIUSSAT-1
2020-10-01 14:37:28.947,  2020-10-01 14:45:40.371,		44406,437540000, LUCKY-7
2020-10-01 14:45:40.371,  2020-10-01 14:47:13.853,		43596,435840000, SIRIUSSAT-2
2020-10-01 15:40:37.052,  2020-10-01 15:47:50.732,		45598,437540000, QUETZAL-1
2020-10-01 15:47:50.732,  2020-10-01 15:53:35.539,		39440,437540000, CUBEBUG-2 (LO-74)
2020-10-01 17:17:11.422,  2020-10-01 17:24:30.353,		45598,437540000, QUETZAL-1
2020-10-01 18:06:23.727,  2020-10-01 18:14:43.430,		44878,437540000, OPS-SAT
2020-10-01 18:18:47.386,  2020-10-01 18:26:30.817,		43855,437540000, CHOMPTT
2020-10-01 18:53:51.137,  2020-10-01 18:58:14.466,		45598,437540000, QUETZAL-1
2020-10-01 18:58:14.466,  2020-10-01 19:06:03.800,		40012,437540000, UNISAT-6
2020-10-01 19:58:13.220,  2020-10-01 20:06:19.474,		43937,437540000, NEXUS (FO-99)
2020-10-01 20:18:39.066,  2020-10-01 20:26:06.795,		44103,437540000, AISTECHSAT-3
2020-10-01 20:30:54.882,  2020-10-01 20:40:44.548,		40043,435840000, TIGRISAT
2020-10-01 21:16:02.613,  2020-10-01 21:23:18.215,		43743,437540000, REAKTOR HELLO WORLD
2020-10-01 21:23:42.852,  2020-10-01 21:32:42.874,		43792,437540000, ESEO
2020-10-01 21:38:02.303,  2020-10-01 21:47:04.971,		43793,437540000, CSIM-FD
2020-10-01 21:49:34.209,  2020-10-01 21:58:35.910,		43758,437540000, MINXSS-2
2020-10-01 22:40:43.902,  2020-10-01 22:46:21.519,		40378,437540000, FIREBIRD 4
2020-10-01 22:46:21.519,  2020-10-01 22:53:43.350,		43908,437540000, LUME 1
2020-10-01 22:53:43.350,  2020-10-01 22:56:20.824,		43743,437540000, REAKTOR HELLO WORLD
2020-10-01 22:56:40.765,  2020-10-01 23:04:39.271,		43814,435840000, PW-SAT2
2020-10-01 23:05:21.122,  2020-10-01 23:12:35.729,		40377,437540000, FIREBIRD 3
2020-10-01 23:47:41.720,  2020-10-01 23:56:40.095,		43881,435840000, D-STAR ONE (SPARROW)
2020-10-02 00:20:19.636,  2020-10-02 00:23:18.428,		43908,437540000, LUME 1
2020-10-02 00:23:18.428,  2020-10-02 00:30:43.532,		43616,437540000, ELFIN-B
2020-10-02 00:50:21.954,  2020-10-02 00:57:51.728,		43617,437540000, ELFIN-A
2020-10-02 00:57:51.728,  2020-10-02 01:06:41.111,		41460,437540000, AAUSAT 4
2020-10-02 01:22:26.032,  2020-10-02 01:31:44.016,		40042,437540000, POLYITAN-1
2020-10-02 03:12:56.991,  2020-10-02 03:21:33.873,		40014,437540000, BUGSAT-1 (TITA)
2020-10-02 03:29:20.632,  2020-10-02 03:37:37.729,		39440,437540000, CUBEBUG-2 (LO-74)
2020-10-02 03:39:49.375,  2020-10-02 03:48:00.413,		44406,437540000, LUCKY-7
2020-10-02 04:48:22.689,  2020-10-02 04:56:36.449,		40014,437540000, BUGSAT-1 (TITA)
2020-10-02 05:05:27.171,  2020-10-02 05:15:17.993,		39440,437540000, CUBEBUG-2 (LO-74)
2020-10-02 06:01:58.668,  2020-10-02 06:10:19.885,		40012,437540000, UNISAT-6
2020-10-02 06:35:20.964,  2020-10-02 06:43:21.279,		43855,437540000, CHOMPTT
2020-10-02 07:34:46.384,  2020-10-02 07:43:43.596,		40043,435840000, TIGRISAT
2020-10-02 08:02:17.716,  2020-10-02 08:06:53.615,		44830,437540000, ATL-1
2020-10-02 08:54:34.883,  2020-10-02 09:02:16.224,		43937,437540000, NEXUS (FO-99)
2020-10-02 09:15:37.525,  2020-10-02 09:22:10.258,		44103,437540000, AISTECHSAT-3
2020-10-02 09:28:02.405,  2020-10-02 09:35:20.093,		43908,437540000, LUME 1
2020-10-02 09:36:28.304,  2020-10-02 09:43:57.644,		43880,435840000, UWE-4
2020-10-02 10:04:58.231,  2020-10-02 10:10:49.799,		43595,435840000, SIRIUSSAT-1
2020-10-02 10:10:49.799,  2020-10-02 10:17:10.259,		43743,437540000, REAKTOR HELLO WORLD
2020-10-02 10:17:10.259,  2020-10-02 10:20:08.587,		43596,435840000, SIRIUSSAT-2
2020-10-02 10:34:50.327,  2020-10-02 10:43:40.274,		43792,437540000, ESEO
2020-10-02 10:44:48.689,  2020-10-02 10:52:15.086,		40042,437540000, POLYITAN-1
2020-10-02 10:53:15.280,  2020-10-02 11:02:12.643,		40379,437540000, GRIFEX
2020-10-02 11:02:12.643,  2020-10-02 11:09:32.062,		43758,437540000, MINXSS-2
2020-10-02 11:10:55.359,  2020-10-02 11:19:38.618,		43880,435840000, UWE-4
2020-10-02 11:25:43.813,  2020-10-02 11:32:10.636,		43617,437540000, ELFIN-A
2020-10-02 11:38:41.752,  2020-10-02 11:43:56.801,		40378,437540000, FIREBIRD 4
2020-10-02 11:43:56.801,  2020-10-02 11:51:04.708,		43743,437540000, REAKTOR HELLO WORLD
2020-10-02 11:51:04.708,  2020-10-02 11:54:49.204,		43596,435840000, SIRIUSSAT-2
2020-10-02 11:55:59.010,  2020-10-02 12:04:04.724,		43814,435840000, PW-SAT2
2020-10-02 12:04:04.724,  2020-10-02 12:11:51.477,		40377,437540000, FIREBIRD 3
2020-10-02 12:19:26.906,  2020-10-02 12:28:30.588,		40042,437540000, POLYITAN-1
2020-10-02 12:31:13.903,  2020-10-02 12:38:32.545,		43616,437540000, ELFIN-B
2020-10-02 12:58:41.807,  2020-10-02 13:05:14.271,		43617,437540000, ELFIN-A
2020-10-02 13:14:11.351,  2020-10-02 13:20:11.902,		43595,435840000, SIRIUSSAT-1
2020-10-02 13:23:25.171,  2020-10-02 13:29:21.673,		43596,435840000, SIRIUSSAT-2
2020-10-02 14:02:05.604,  2020-10-02 14:10:09.789,		41460,437540000, AAUSAT 4
2020-10-02 14:10:09.789,  2020-10-02 14:15:47.161,		40014,437540000, BUGSAT-1 (TITA)
2020-10-02 14:26:40.548,  2020-10-02 14:34:57.843,		44406,437540000, LUCKY-7
2020-10-02 14:34:57.843,  2020-10-02 14:40:44.938,		39440,437540000, CUBEBUG-2 (LO-74)
2020-10-02 14:50:50.651,  2020-10-02 14:57:54.344,		45598,437540000, QUETZAL-1
2020-10-02 15:43:20.472,  2020-10-02 15:50:33.726,		40014,437540000, BUGSAT-1 (TITA)
2020-10-02 16:08:48.033,  2020-10-02 16:17:24.489,		39440,437540000, CUBEBUG-2 (LO-74)
2020-10-02 16:27:15.228,  2020-10-02 16:34:34.234,		45598,437540000, QUETZAL-1
2020-10-02 17:52:37.161,  2020-10-02 18:00:45.600,		44878,437540000, OPS-SAT
2020-10-02 18:03:55.193,  2020-10-02 18:11:11.404,		45598,437540000, QUETZAL-1
2020-10-02 18:44:23.197,  2020-10-02 18:52:30.639,		43666,437540000, CUBEBEL-1 (BSUSAT-1)
2020-10-02 19:23:39.279,  2020-10-02 19:32:48.712,		40012,437540000, UNISAT-6
2020-10-02 19:36:20.232,  2020-10-02 19:44:04.625,		43937,437540000, NEXUS (FO-99)
2020-10-02 19:44:04.625,  2020-10-02 19:46:52.106,		45598,437540000, QUETZAL-1
2020-10-02 19:58:17.446,  2020-10-02 20:04:52.767,		44103,437540000, AISTECHSAT-3
2020-10-02 20:51:48.817,  2020-10-02 20:56:39.530,		43743,437540000, REAKTOR HELLO WORLD
2020-10-02 20:56:39.530,  2020-10-02 21:06:01.986,		40043,435840000, TIGRISAT
2020-10-02 21:13:50.709,  2020-10-02 21:20:29.115,		40377,437540000, FIREBIRD 3
2020-10-02 21:28:44.771,  2020-10-02 21:37:46.971,		43792,437540000, ESEO
2020-10-02 21:38:41.244,  2020-10-02 21:42:35.820,		40379,437540000, GRIFEX
2020-10-02 21:42:35.820,  2020-10-02 21:51:37.769,		43793,437540000, CSIM-FD
2020-10-02 21:54:32.938,  2020-10-02 22:03:31.358,		43758,437540000, MINXSS-2
2020-10-01 08:46:23.428,  2020-10-01 08:56:09.114,		28654,138030000, NOAA 18
2020-10-01 21:59:53.202,  2020-10-01 22:09:40.346,		28654,138030000, NOAA 18
2020-10-02 20:06:00.933,  2020-10-02 20:17:37.493,		28654,138030000, NOAA 18