[
	{
		"id": "1559949406124-46494-0",
		"satelliteId": "46494",
		"start": 1559949406124,
		"end": 1559949940009,
		"startFormatted": "2019-06-07 23:16:46",
		"endFormatted": "2019-06-07 23:25:40"
	},
	{
		"id": "1559982858904-42784-0",
		"satelliteId": "42784",
		"start": 1559982858904,
		"end": 1559983098142,
		"startFormatted": "2019-06-08 08:34:18",
		"endFormatted": "2019-06-08 08:38:18"
	},
	{
		"id": "1559983098142-46494-0",
		"satelliteId": "46494",
		"start": 1559983098142,
		"end": 1559983552342,
		"startFormatted": "2019-06-08 08:38:18",
		"endFormatted": "2019-06-08 08:45:52"
	},
	{
		"id": "1559988532538-42784-0",
		"satelliteId": "42784",
		"start": 1559988532538,
		"end": 1559988773763,
		"startFormatted": "2019-06-08 10:08:52",
		"endFormatted": "2019-06-08 10:12:53"
	},
	{
		"id": "1559988773763-46494-0",
		"satelliteId": "46494",
		"start": 1559988773763,
		"end": 1559989287717,
		"startFormatted": "2019-06-08 10:12:53",
		"endFormatted": "2019-06-08 10:21:27"
	},
	{
		"id": "1560021890135-42784-0",
		"satelliteId": "42784",
		"start": 1560021890135,
		"end": 1560022388677,
		"startFormatted": "2019-06-08 19:24:50",
		"endFormatted": "2019-06-08 19:33:08"
	},
	{
		"id": "1560027604656-42784-0",
		"satelliteId": "42784",
		"start": 1560027604656,
		"end": 1560028044900,
		"startFormatted": "2019-06-08 21:00:04",
		"endFormatted": "2019-06-08 21:07:24"
	},
	{
		"id": "1560036040824-46494-0",
		"satelliteId": "46494",
		"start": 1560036040824,
		"end": 1560036574461,
		"startFormatted": "2019-06-08 23:20:40",
		"endFormatted": "2019-06-08 23:29:34"
	},
	{
		"id": "1560068790265-42784-0",
		"satelliteId": "42784",
		"start": 1560068790265,
		"end": 1560069247745,
		"startFormatted": "2019-06-09 08:26:30",
		"endFormatted": "2019-06-09 08:34:07"
	},
	{
		"id": "1560069726502-46494-0",
		"satelliteId": "46494",
		"start": 1560069726502,
		"end": 1560070189244,
		"startFormatted": "2019-06-09 08:42:06",
		"endFormatted": "2019-06-09 08:49:49"
	},
	{
		"id": "1560074455479-42784-0",
		"satelliteId": "42784",
		"start": 1560074455479,
		"end": 1560074944173,
		"startFormatted": "2019-06-09 10:00:55",
		"endFormatted": "2019-06-09 10:09:04"
	},
	{
		"id": "1560075411337-46494-0",
		"satelliteId": "46494",
		"start": 1560075411337,
		"end": 1560075920896,
		"startFormatted": "2019-06-09 10:16:51",
		"endFormatted": "2019-06-09 10:25:20"
	},
	{
		"id": "1560107822882-42784-0",
		"satelliteId": "42784",
		"start": 1560107822882,
		"end": 1560108312057,
		"startFormatted": "2019-06-09 19:17:02",
		"endFormatted": "2019-06-09 19:25:12"
	},
	{
		"id": "1560113517501-42784-0",
		"satelliteId": "42784",
		"start": 1560113517501,
		"end": 1560113977027,
		"startFormatted": "2019-06-09 20:51:57",
		"endFormatted": "2019-06-09 20:59:37"
	}
]
