{
	"id": "1728662501143-57167-0",
	"start": 1728662501791,
	"end": 1728662850808,
	"satellite": "57167",
	"transmitterId": "57167-0",
	"tle": {
		"line1": "STRATOSAT-TK 1 (RS52S)",
		"line2": "1 57167U 23091B   24282.56234649  .00127116  00000+0  60116-2 0  9991",
		"line3": "2 57167  97.5966 335.6701 0014789  90.6793 269.6136 15.18719172 70729",
		"updated": 1728416386580,
		"source": "celestrak.org"
	},
	"groundStation": {
		"lat": 56.18,
		"lon": 38.17
	},
	"dataFormat": "COMPLEX_FLOAT",
	"sampleRate": 48000,
	"actualFrequency": 435872000,
	"numberOfDecodedPackets": 24,
	"totalSize": 1584,
	"rawURL": "/api/v1/admin/static/satellites/57167/data/1728662501143-57167-0/output.raw",
	"data": "/api/v1/admin/static/satellites/57167/data/1728662501143-57167-0/data.bin",
	"sigmfDataURL": "/api/v1/static/observation/sigmf/data?satelliteId=57167&id=1728662501143-57167-0",
	"sigmfMetaURL": "/api/v1/static/observation/sigmf/meta?satelliteId=57167&id=1728662501143-57167-0",
	"status": "DECODED",
	"device": {
		"id": "sdrserver.0",
		"name": "SDR-SERVER - 127.0.0.1:8090",
		"deviceType": "SDRSERVER",
		"minimumFrequency": 400000000,
		"maximumFrequency": 500000000,
		"host": "127.0.0.1",
		"port": 8090,
		"gain": 0,
		"rtlDeviceId": "0",
		"biast": false,
		"ppm": 0,
		"bandwidth": 1440000,
		"bandwidthCrop": 48000,
		"basepath": "/tmp",
		"usegzip": false,
		"antenna": {
			"antennaType": "OMNIDIRECTIONAL",
			"azimuth": 0,
			"elevation": 0,
			"beamwidth": 0,
			"minElevation": 5,
			"guaranteedElevation": 10
		}
	},
	"instruments": [
		{
			"id": "GeoscanHRCAMM",
			"enabled": true,
			"primary": true,
			"series": true,
			"name": "Geoscan HRCAM-M",
			"description": "Wide-angle camera",
			"imageSeriesURL": [
				"/api/v1/admin/static/satellites/57167/data/1728662501143-57167-0/GeoscanHRCAMM-0.jpg"
			]
		}
	]
}
