{
	"id": "1576269809672",
	"start": 1576269901780,
	"end": 1576269903780,
	"satellite": "28654",
	"transmitterId": "28654-0",
	"tle": {
		"line1": "NOAA 18",
		"line2": "1 28654U 05018A   24020.45178200  .00000347  00000+0  20938-3 0  9992",
		"line3": "2 28654  98.8897  98.5894 0015123 123.5725 236.6893 14.13104636962256",
		"updated": 0
	},
	"groundStation": {
		"lat": 56.31,
		"lon": 38.13
	},
	"dataFormat": "COMPLEX_UNSIGNED_BYTE",
	"sampleRate": 288000,
	"actualFrequency": -1,
	"numberOfDecodedPackets": 0,
	"totalSize": 0,
	"rawURL": "/api/v1/admin/static/satellites/28654/data/1576269809672/output.raw",
	"sigmfDataURL": "/api/v1/static/observation/sigmf/data?satelliteId=28654&id=1576269809672",
	"sigmfMetaURL": "/api/v1/static/observation/sigmf/meta?satelliteId=28654&id=1576269809672",
	"status": "DECODED",
	"instruments": [
		{
			"id": "AVHRR3",
			"enabled": true,
			"primary": true,
			"series": false,
			"name": "AVHRR/3",
			"satdumpName": "AVHRR",
			"satdumpCombined": "avhrr_3_rgb_NOAA_Natural_Color.png",
			"description": "The Advanced Very High Resolution Radiometer",
			"combinedImageURL": "/api/v1/admin/static/satellites/28654/data/1576269809672/AVHRR3.jpg",
			"channels": [
				{
					"id": "2",
					"description": "0.725-1.00μm",
					"imageURL": "/api/v1/admin/static/satellites/28654/data/1576269809672/AVHRR3-2.jpg",
					"satdumpName": "AVHRR-2.png"
				},
				{
					"id": "4",
					"description": "10.3 - 11.3μm",
					"imageURL": "/api/v1/admin/static/satellites/28654/data/1576269809672/AVHRR3-4.jpg",
					"satdumpName": "AVHRR-4.png"
				}
			]
		}
	]
}
